// Jest Snapshot v1, https://goo.gl/fbAQLP

exports[`Renders Correctly Tester 1`] = `
<Text
  style={
    Array [
      undefined,
      Object {
        "fontFamily": "space-mono",
      },
    ]
  }
>
  Snapshot test!
</Text>
`;

exports[`Renders Correctly Tester Renders Correctly 1`] = `
<Text
  style={
    Array [
      undefined,
      Object {
        "fontFamily": "space-mono",
      },
    ]
  }
>
  Snapshot test!
</Text>
`;

exports[`renders correctly 1`] = `
<Text
  style={
    Array [
      undefined,
      Object {
        "fontFamily": "space-mono",
      },
    ]
  }
>
  Snapshot test!
</Text>
`;
